// Jest Snapshot v1, https://goo.gl/fbAQLP

exports[`tweets reducer create new post 1`] = `
Object {
  "allIds": Array [
    "<id>",
  ],
  "byId": Object {
    "<id>": Object {
      "createdAt": "<datetime>",
      "id": "<id>",
      "replyToId": null,
      "text": "Test post",
      "userId": null,
    },
  },
}
`;
